
> temp-app@0.1.0 build
> next build

  Ôû▓ Next.js 14.2.35
  - Environments: .env.local

   Creating an optimized production build ...
 Ô£ô Compiled successfully
   Linting and checking validity of types ...
node.exe : 
No C:\Program Files\nod
ejs\npm.ps1:29 
caractere:3
+   & $NODE_EXE 
$NPM_CLI_JS $args
+   ~~~~~~~~~~~~~~~~~~~
~~~~~~~~~~
    + CategoryInfo     
         : NotSpecifi  
  ed: (:String) [],    
 RemoteException
    + FullyQualifiedEr 
   rorId : NativeComm  
  andError
 
Failed to compile.

./src/presentation/comp
onents/dashboard/catego
ry-chart.tsx
39:25  Error: React 
Hook "useMemo" is 
called conditionally. 
React Hooks must be 
called in the exact 
same order in every 
component render. Did 
you accidentally call 
a React Hook after an 
early return?  react-ho
oks/rules-of-hooks
44:21  Error: React 
Hook "useMemo" is 
called conditionally. 
React Hooks must be 
called in the exact 
same order in every 
component render. Did 
you accidentally call 
a React Hook after an 
early return?  react-ho
oks/rules-of-hooks
53:77  Error: 
Unexpected any. 
Specify a different 
type.  @typescript-esli
nt/no-explicit-any
100:41  Error: 
Unexpected any. 
Specify a different 
type.  @typescript-esli
nt/no-explicit-any

./src/presentation/comp
onents/dashboard/transa
ction-modal.tsx
40:55  Error: 
Unexpected any. 
Specify a different 
type.  @typescript-esli
nt/no-explicit-any
259:50  Error: 
Unexpected any. 
Specify a different 
type.  @typescript-esli
nt/no-explicit-any

./src/presentation/comp
onents/ui/lucide-icon.t
sx
36:34  Error: 
Unexpected any. 
Specify a different 
type.  @typescript-esli
nt/no-explicit-any
36:70  Error: 
Unexpected any. 
Specify a different 
type.  @typescript-esli
nt/no-explicit-any

info  - Need to 
disable some ESLint 
rules? Learn more 
here: https://nextjs.or
g/docs/basic-features/e
slint#disabling-rules
