
[1m[46m RUN [49m[22m [36mv4.1.0 [39m[90mE:/Downloads/finance-tracker[39m

 [31mÔØ»[39m __tests__/components/transactions/filters-bar.test.tsx [2m([22m[2m5 tests[22m[2m | [22m[31m1 failed[39m[2m)[22m[33m 595[2mms[22m[39m
     [32mÔ£ô[39m inicializa com o m├¬s atual pr├®-selecionado se n├úo houver na URL[32m 80[2mms[22m[39m
[31m     [31m├ù[31m atualiza URL ao selecionar um tipo[39m[32m 56[2mms[22m[39m
     [33m[2mÔ£ô[22m[39m atualiza URL com debounce ao digitar na busca [33m 413[2mms[22m[39m
     [32mÔ£ô[39m bot├úo Limpar aparece apenas quando algum filtro est├í ativo[32m 21[2mms[22m[39m
     [32mÔ£ô[39m bot├úo Limpar reseta todos os filtros para a rota base[32m 19[2mms[22m[39m
node.exe : 
No C:\Program Files\nod
ejs\npx.ps1:29 
caractere:3
+   & $NODE_EXE 
$NPX_CLI_JS $args
+   ~~~~~~~~~~~~~~~~~~~
~~~~~~~~~~
    + CategoryInfo     
         : NotSpecifi  
  ed: (:String) [],    
 RemoteException
    + FullyQualifiedEr 
   rorId : NativeComm  
  andError
 
[31mÔÄ»ÔÄ»ÔÄ»ÔÄ»ÔÄ»ÔÄ»
ÔÄ»[39m[1m[41m 
Failed Tests 1 [49m[2
2m[31mÔÄ»ÔÄ»ÔÄ»ÔÄ»ÔÄ»Ô
Ä»ÔÄ»[39m

[41m[1m FAIL 
[22m[49m __tests__/co
mponents/transactions/f
ilters-bar.test.tsx[2m
 > [22mFiltersBar[2m 
> [22matualiza URL ao 
selecionar um tipo
[31m[1mTestingLibrary
ElementError[22m[39m:
 Found a label with 
the text of: Tipo, 
however no form 
control was found 
associated to that 
label. Make sure 
you're using the "for" 
attribute or 
"aria-labelledby" 
attribute correctly.

Ignored nodes: 
comments, script, style
[36m<body>[39m
  [36m<div>[39m
    [36m<div[39m
      [33mclass[39m=
[32m"flex flex-col 
md:flex-row items-end 
gap-4 p-5 bg-white 
dark:bg-gray-900 
rounded-xl border 
border-gray-100 
dark:border-gray-800 
shadow-sm"[39m
    [36m>[39m
      [36m<div[39m
        [33mclass[39m
=[32m"w-full 
md:w-44"[39m
      [36m>[39m
        [36m<div[39m
          [33mclass[3
9m=[32m"relative 
w-full"[39m
        [36m>[39m
          
[36m<div[39m
            [33mclass
[39m=[32m"relative"[3
9m
          [36m>[39m
            
[36m<input[39m
              [33maria
-invalid[39m=[32m"fal
se"[39m
              [33mclas
s[39m=[32m"peer 
block w-full 
rounded-lg border 
bg-white px-3 pb-2 
pt-5 text-sm 
text-gray-900 
transition-colors 
duration-150 
outline-none placeholde
r-transparent 
dark:bg-gray-900 
dark:text-gray-100 
pl-3 border-gray-300 
focus:border-primary 
focus:ring-1 
focus:ring-primary 
dark:border-gray-600 da
rk:focus:border-primary
"[39m
              [33mid[
39m=[32m"month"[39m
              [33mname
[39m=[32m"month"[39m
              [33mplac
eholder[39m=[32m" 
"[39m
              [33mtype
[39m=[32m"month"[39m
              [33mvalu
e[39m=[32m"2026-03"[
39m
            
[36m/>[39m
            
[36m<label[39m
              [33mclas
s[39m=[32m"absolute 
z-10 origin-left 
text-gray-500 
pointer-events-none 
transition-all 
duration-150 
peer-focus:top-1.5 
peer-focus:text-xs peer
-focus:text-primary 
top-1.5 text-xs 
left-3"[39m
              [33mfor
[39m=[32m"month"[39m
            [36m>[39m
              
[0mM├¬s[0m
            
[36m</label>[39m
          
[36m</div>[39m
        
[36m</div>[39m
      [36m</div>[39m
      [36m<div[39m
        [33mclass[39m
=[32m"w-full 
md:w-44"[39m
      [36m>[39m
        [36m<div[39m
          [33mclass[3
9m=[32m"flex flex-col 
gap-1.5 w-full"[39m
        [36m>[39m
          
[36m<label[39m
            [33mclass
[39m=[32m"text-sm 
font-medium 
text-gray-700 dark:text
-gray-300"[39m
          [36m>[39m
            
[0mTipo[0m
          
[36m</label>[39m
          
[36m<select[39m
            [33mclass
[39m=[32m"h-10 w-full 
rounded-md border 
bg-white px-3 text-sm 
transition-colors 
text-gray-900 
focus:outline-none 
focus:ring-2 
focus:ring-primary 
dark:bg-gray-950 
dark:text-gray-100 
border-gray-200 
hover:border-gray-300 
dark:border-gray-800 da
rk:hover:border-gray-70
0"[39m
          [36m>[39m
            
[36m<option[39m
              [33mdisa
bled[39m=[32m""[39m
              [33mvalu
e[39m=[32m""[39m
            [36m>[39m
              
[0mSelecione...[0m
            
[36m</option>[39m
            
[36m<option[39m
              [33mvalu
e[39m=[32m""[39m
            [36m>[39m
              
[0mTodos[0m
            
[36m</option>[39m
            
[36m<option[39m
              [33mvalu
e[39m=[32m"income"[3
9m
            [36m>[39m
              
[0mReceitas[0m
            
[36m</option>[39m
            
[36m<option[39m
              [33mvalu
e[39m=[32m"expense"[
39m
            [36m>[39m
              
[0mDespesas[0m
            
[36m</option>[39m
          
[36m</select>[39m
        
[36m</div>[39m
      [36m</div>[39m
      [36m<div[39m
        [33mclass[39m
=[32m"w-full 
md:w-56"[39m
      [36m>[39m
        [36m<div[39m
          [33mclass[3
9m=[32m"flex flex-col 
gap-1.5 w-full"[39m
        [36m>[39m
          
[36m<label[39m
            [33mclass
[39m=[32m"text-sm 
font-medium 
text-gray-700 dark:text
-gray-300"[39m
          [36m>[39m
            
[0mCategoria[0m
          
[36m</label>[39m
          
[36m<select[39m
            [33mclass
[39m=[32m"h-10 w-full 
rounded-md border 
bg-white px-3 text-sm 
transition-colors 
text-gray-900 
focus:outline-none 
focus:ring-2 
focus:ring-primary 
dark:bg-gray-950 
dark:text-gray-100 
border-gray-200 
hover:border-gray-300 
dark:border-gray-800 da
rk:hover:border-gray-70
0"[39m
          [36m>[39m
            
[36m<option[39m
              [33mdisa
bled[39m=[32m""[39m
              [33mvalu
e[39m=[32m""[39m
            [36m>[39m
              
[0mSelecione...[0m
            
[36m</option>[39m
            
[36m<option[39m
              [33mvalu
e[39m=[32m""[39m
            [36m>[39m
              
[0mTodas as 
categorias[0m
            
[36m</option>[39m
            
[36m<option[39m
              [33mvalu
e[39m=[32m"1"[39m
            [36m>[39m
              
[0mAlimenta├º├úo[0m
            
[36m</option>[39m
            
[36m<option[39m
              [33mvalu
e[39m=[32m"2"[39m
            [36m>[39m
              
[0mLazer[0m
            
[36m</option>[39m
          
[36m</select>[39m
        
[36m</div>[39m
      [36m</div>[39m
      [36m<div[39m
        [33mclass[39m
=[32m"flex-1 w-full 
md:min-w-[300px]"[39m
      [36m>[39m
        [36m<div[39m
          [33mclass[3
9m=[32m"relative 
w-full"[39m
        [36m>[39m
          
[36m<div[39m
            [33mclass
[39m=[32m"relative"[3
9m
          [36m>[39m
            
[36m<span[39m
              [33mclas
s[39m=[32m"absolute 
left-3 top-1/2 
-translate-y-1/2 
text-gray-400 pointer-e
vents-none"[39m
            [36m>[39m
              
[36m<svg[39m
                [33mar
ia-hidden[39m=[32m"tr
ue"[39m
                [33mcl
ass[39m=[32m"lucide 
lucide-search shrink-0 
text-gray-400"[39m

[2m Test Files [22m [1m[31m1 failed[39m[22m[90m (1)[39m
[2m      Tests [22m [1m[31m1 failed[39m[22m[2m | [22m[1m[32m4 passed[39m[22m[90m (5)[39m
[2m   Start at [22m 20:01:32
[2m   Duration [22m 5.31s[2m (transform 350ms, setup 373ms, import 1.30s, tests 595ms, environment 2.41s)[22m

                [33mfi
ll[39m=[32m"none"[39
m
                [33mhe
ight[39m=[32m"18"[39
m
                [33mst
roke[39m=[32m"current
Color"[39m
                [33mst
roke-linecap[39m=[32m
"round"[39m
                [33mst
roke-linejoin[39m=[32
m"round"[39m
                [33mst
roke-width[39m=[32m"2
"[39m
                [33mvi
ewBox[39m=[32m"0 0 
24 24"[39m
                [33mwi
dth[39m=[32m"18"[39m
                [33mxm
lns[39m=[32m"http://w
ww.w3.org/2000/svg"[39
m
              
[36m>[39m
                
[36m<path[39m
                  
[33md[39m=[32m"m21 
21-4.34-4.34"[39m
                
[36m/>[39m
                
[36m<circle[39m
                  [33m
cx[39m=[32m"11"[39m
                  [33m
cy[39m=[32m"11"[39m
                  [33m
r[39m=[32m"8"[39m
                
[36m/>[39m
              
[36m</svg>[39m
            
[36m</span>[39m
            
[36m<input[39m
              [33maria
-invalid[39m=[32m"fal
se"[39m
              [33mclas
s[39m=[32m"peer 
block w-full 
rounded-lg border 
bg-white px-3 pb-2 
pt-5 text-sm 
text-gray-900 
transition-colors 
duration-150 
outline-none placeholde
r-transparent 
dark:bg-gray-900 
dark:text-gray-100 
pl-10 border-gray-300 
focus:border-primary 
focus:ring-1 
focus:ring-primary 
dark:border-gray-600 da
rk:focus:border-primary
"[39m
              [33mid[
39m=[32m"search"[39m
              [33mname
[39m=[32m"search"[39
m
              [33mplac
eholder[39m=[32m"Pesq
uisar por 
descri├º├úo..."[39m
              [33mtype
[39m=[32m"text"[39m
              [33mvalu
e[39m=[32m""[39m
            
[36m/>[39m
            
[36m<label[39m
              [33mclas
s[39m=[32m"absolute 
top-3 z-10 origin-left 
text-sm text-gray-500 
pointer-events-none 
transition-all 
duration-150 
peer-focus:top-1.5 
peer-focus:text-xs peer
-focus:text-primary 
left-10"[39m
              [33mfor
[39m=[32m"search"[39m
            [36m>[39m
              
[0mBuscar[0m
            
[36m</label>[39m
          
[36m</div>[39m
        
[36m</div>[39m
      [36m</div>[39m
    [36m</div>[39m
  [36m</div>[39m
[36m</body>[39m
[90m [2mÔØ»[22m 
Object.getElementError 
node_modules/@testing-l
ibrary/dom/dist/config.
js:[2m37:19[22m[39m
[90m [2mÔØ»[22m 
getAllByLabelText node_
modules/@testing-librar
y/dom/dist/queries/labe
l-text.js:[2m108:40[2
2m[39m
[90m [2mÔØ»[22m node
_modules/@testing-libra
ry/dom/dist/query-helpe
rs.js:[2m52:17[22m[3
9m
[90m [2mÔØ»[22m node
_modules/@testing-libra
ry/dom/dist/query-helpe
rs.js:[2m95:19[22m[3
9m
[36m [2mÔØ»[22m __te
sts__/components/transa
ctions/filters-bar.test
.tsx:[2m51:27[22m[39
m
    [90m 49|[39m     
[34mrender[39m([33m<
[39m[33mFiltersBar[3
9m [33mcategories[39m
[33m=[39m[33m{[39mm
ockCategories[33m}[39
m 
[33m/[39m[33m>[39m)
    [90m 50|[39m
    [90m 51|[39m     
[35mconst[39m select 
[33m=[39m screen[33m
.[39m[34mgetByLabelTe
xt[39m([32m'Tipo'[39
m)
    [90m   |[39m     
                      
[31m^[39m
    [90m 52|[39m     
fireEvent[33m.[39m[3
4mchange[39m(select[3
3m,[39m { 
target[33m:[39m { 
value[33m:[39m 
[32m'income'[39m } })
    [90m 53|[39m

[31m[2mÔÄ»ÔÄ»ÔÄ»ÔÄ»ÔÄ
»ÔÄ»ÔÄ»ÔÄ»ÔÄ»ÔÄ»ÔÄ»ÔÄ»Ô
Ä»ÔÄ»ÔÄ»ÔÄ»ÔÄ»ÔÄ»ÔÄ»ÔÄ»
ÔÄ»ÔÄ»ÔÄ»ÔÄ»[1/1]ÔÄ»[2
2m[39m

