node.exe : E:\Downloads
\finance-tracker\node_m
odules\zod\v4\core\util
.cjs:493
No C:\Program Files\nod
ejs\npx.ps1:29 
caractere:3
+   & $NODE_EXE 
$NPX_CLI_JS $args
+   ~~~~~~~~~~~~~~~~~~~
~~~~~~~~~~
    + CategoryInfo     
         : NotSpecifi  
  ed: (E:\Downloads\   
 fi...re\util.cjs:4    
93:String) [], Rem    
oteException
    + FullyQualifiedEr 
   rorId : NativeComm  
  andError
 
        throw new 
Error(".partial() 
cannot be used on 
object schemas 
containing 
refinements");
              ^

Error: .partial() 
cannot be used on 
object schemas 
containing refinements
    at Object.partial (
E:\Downloads\finance-tr
acker\node_modules\zod\
v4\core\util.cjs:493:15
)
    at inst.partial (E:
\Downloads\finance-trac
ker\node_modules\zod\v4
\classic\schemas.cjs:69
0:49)
    at <anonymous> (E:\
Downloads\finance-track
er\src\shared\schemas\t
ransaction.schema.ts:35
:64)
    at 
Object.<anonymous> (E:\
Downloads\finance-track
er\src\shared\schemas\t
ransaction.schema.ts:44
:2)
    at Module._compile 
(node:internal/modules/
cjs/loader:1730:14)
    at 
Object.transformer (C:\
Users\matte\AppData\Loc
al\npm-cache\_npx\fd45a
72a545557e9\node_module
s\tsx\dist\register-D46
fvsV_.cjs:3:1104)
    at Module.load (nod
e:internal/modules/cjs/
loader:1465:32)
    at Function._load (
node:internal/modules/c
js/loader:1282:12)
    at TracingChannel.t
raceSync (node:diagnost
ics_channel:322:14)
    at wrapModuleLoad (
node:internal/modules/c
js/loader:235:24)

Node.js v22.17.1
