src/presentation/components/reports/forecast-table.tsx(3,36): error TS6133: 'LucideIcon' is declared but its value is never read.
src/presentation/components/reports/forecast-table.tsx(5,33): error TS6133: 'Info' is declared but its value is never read.
src/presentation/components/reports/forecast-table.tsx(6,1): error TS6133: 'cn' is declared but its value is never read.
